dnsmill.testResult[*libdb.so/dnsmill.Profile]{Error: &errors.errorString{
	s: `error unmarshaling JSON: while decoding JSON: failed to parse records JSON in field: failed to parse records as HostAddresses: failed to parse HostAddresses string: invalid HostAddress "::1!ipv4,ipv6": invalid host address flags: mutually exclusive host address flags "ipv4" and "ipv6" (both have type ip-version)`,
}}
