dnsmill.testResult[*libdb.so/dnsmill.Profile]{Result: &dnsmill.Profile{
	Config: dnsmill.Config{DuplicatePolicy: dnsmill.DuplicatePolicy("error")},
	Providers: map[string]dnsmill.ProviderConfig{"cloudflare": {
		Domains: dnsmill.Domains{dnsmill.Domain("libdb.so")},
	}},
	Domains: map[dnsmill.Domain]dnsmill.SubdomainRecords{dnsmill.Domain("libdb.so"): {dnsmill.Subdomain("local"): dnsmill.Records{Hosts: &dnsmill.HostAddresses{
		"localhost",
	}}}},
}}
