dnsmill.testResult[*libdb.so/dnsmill.Profile]{Result: &dnsmill.Profile{
	Config: dnsmill.Config{DuplicatePolicy: dnsmill.DuplicatePolicy("error")},
	Providers: map[string]dnsmill.ProviderConfig{"cloudflare": {
		Zones: dnsmill.Domains{dnsmill.Domain("libdb.so")},
	}},
	Records: dnsmill.DomainRecords{dnsmill.Domain("local.libdb.so"): dnsmill.Records{Hosts: &dnsmill.HostAddresses{"localhost"}}},
}}
